[adaptive] 349 days in 823 s

Fixed vs adaptive daily budget, 2019 (349 days). Adaptive: one score threshold for all days, set so the mean flagged area equals the fixed budget.

| ranking | mean budget | rule | fire caught | precision | false alarms per hit | F2 | new-fire caught | caught 0-3 km | caught 3-10 km | caught > 10 km | daily area p5 / p50 / p95 / max |
|---|---|---|---|---|---|---|---|---|---|---|---|
| persistence | 0.06 % | fixed | 0.127 | 0.115 | 7.7 | 0.124 | 0.000 | 0.274 | 0.000 | 0.000 | constant |
| persistence | 0.0531 % | adaptive | 0.137 | 0.140 | 6.1 | 0.138 | 0.000 | 0.296 | 0.000 | 0.000 | 0.0168 % / 0.0456 % / 0.113 % / 0.208 % |
| persistence | 0.13 % | fixed | 0.235 | 0.098 | 9.2 | 0.184 | 0.001 | 0.507 | 0.001 | 0.000 | constant |
| persistence | 0.138 % | adaptive | 0.280 | 0.110 | 8.1 | 0.214 | 0.000 | 0.606 | 0.000 | 0.000 | 0.046 % / 0.13 % / 0.251 % / 0.42 % |
| persistence | 0.23 % | fixed | 0.337 | 0.080 | 11.6 | 0.205 | 0.005 | 0.725 | 0.007 | 0.000 | constant |
| persistence | 0.251 % | adaptive | 0.380 | 0.082 | 11.1 | 0.221 | 0.000 | 0.822 | 0.000 | 0.000 | 0.0899 % / 0.233 % / 0.426 % / 0.644 % |
| persistence | 0.5 % | fixed | 0.471 | 0.051 | 18.5 | 0.178 | 0.068 | 0.959 | 0.129 | 0.000 | constant |
| persistence | 0.496 % | adaptive | 0.484 | 0.053 | 17.9 | 0.184 | 0.063 | 1.000 | 0.098 | 0.000 | 0.182 % / 0.479 % / 0.814 % / 1.06 % |
| persistence | 1 % | fixed | 0.570 | 0.031 | 31.3 | 0.127 | 0.220 | 1.000 | 0.505 | 0.001 | constant |
| persistence | 0.996 % | adaptive | 0.575 | 0.031 | 30.9 | 0.129 | 0.229 | 1.000 | 0.531 | 0.000 | 0.38 % / 0.965 % / 1.6 % / 1.91 % |
| SMOLDER | 0.06 % | fixed | 0.270 | 0.244 | 3.1 | 0.264 | 0.027 | 0.557 | 0.050 | 0.004 | constant |
| SMOLDER | 0.0601 % | adaptive | 0.312 | 0.282 | 2.5 | 0.305 | 0.034 | 0.641 | 0.067 | 0.002 | 0.0102 % / 0.0464 % / 0.162 % / 0.268 % |
| SMOLDER | 0.13 % | fixed | 0.379 | 0.158 | 5.3 | 0.296 | 0.071 | 0.747 | 0.141 | 0.010 | constant |
| SMOLDER | 0.13 % | adaptive | 0.419 | 0.175 | 4.7 | 0.328 | 0.089 | 0.815 | 0.186 | 0.008 | 0.0278 % / 0.111 % / 0.31 % / 0.491 % |
| SMOLDER | 0.23 % | fixed | 0.460 | 0.109 | 8.2 | 0.279 | 0.126 | 0.861 | 0.262 | 0.018 | constant |
| SMOLDER | 0.231 % | adaptive | 0.491 | 0.116 | 7.6 | 0.298 | 0.149 | 0.904 | 0.320 | 0.015 | 0.0578 % / 0.212 % / 0.487 % / 0.895 % |
| SMOLDER | 0.5 % | fixed | 0.557 | 0.061 | 15.5 | 0.211 | 0.234 | 0.951 | 0.492 | 0.042 | constant |
| SMOLDER | 0.502 % | adaptive | 0.576 | 0.062 | 15.1 | 0.217 | 0.257 | 0.964 | 0.544 | 0.044 | 0.122 % / 0.483 % / 0.9 % / 1.55 % |
| SMOLDER | 1 % | fixed | 0.634 | 0.034 | 28.0 | 0.141 | 0.350 | 0.981 | 0.702 | 0.097 | constant |
| SMOLDER | 1 % | adaptive | 0.648 | 0.035 | 27.5 | 0.144 | 0.372 | 0.984 | 0.727 | 0.118 | 0.258 % / 0.964 % / 1.82 % / 2.21 % |

Best adaptive threshold:

| ranking | criterion | mean budget | fire caught | precision | false alarms per hit | daily area p5 / p50 / p95 / max | rank corr. daily area vs daily fire |
|---|---|---|---|---|---|---|---|
| persistence | F1 | 0.138 % | 0.280 | 0.110 | 8.1 | 0.046 % / 0.13 % / 0.251 % / 0.42 % | 0.68 |
| persistence | F2 | 0.191 % | 0.333 | 0.095 | 9.6 | 0.0666 % / 0.181 % / 0.332 % / 0.525 % | 0.65 |
| SMOLDER | F1 | 0.0522 % | 0.292 | 0.304 | 2.3 | 0.00852 % / 0.0396 % / 0.143 % / 0.24 % | 0.76 |
| SMOLDER | F2 | 0.111 % | 0.398 | 0.195 | 4.1 | 0.0222 % / 0.0931 % / 0.271 % / 0.432 % | 0.78 |
